
************************************************************

CalculiX Version 2.21, Copyright(C) 1998-2023 Guido Dhondt
CalculiX comes with ABSOLUTELY NO WARRANTY. This is free
software, and you are welcome to redistribute it under
certain conditions, see gpl.htm

************************************************************

You are using an executable made on Sat Jul 29 10:52:01 CEST 2023
 Decascading the MPC's

 Determining the structure of the matrix:
 Using up to 4 cpu(s) for setting up the structure of the matrix.
 number of equations
 171621
 number of nonzero lower triangular matrix elements
 6286599

 Using up to 4 cpu(s) for the stress calculation.

 Using up to 4 cpu(s) for the symmetric stiffness/mass contributions.

Cholesky preconditioning

alpha=0.000000
alpha=0.010000
alpha=0.020000
alpha=0.040000
alpha=0.080000
alpha=0.160000
Solving the system of equations using the iterative solver

iteration= 0, error= 0.000000e+00, limit=2.181748e-04
iteration= 1, error= 6.917897e-02, limit=2.181748e-04
iteration= 2, error= 9.137514e-02, limit=2.181748e-04
iteration= 3, error= 1.331039e-01, limit=2.181748e-04
iteration= 4, error= 2.319192e-01, limit=2.181748e-04
iteration= 5, error= 2.400816e-01, limit=2.181748e-04
iteration= 6, error= 1.675509e-01, limit=2.181748e-04
iteration= 7, error= 2.106699e-01, limit=2.181748e-04
iteration= 8, error= 2.696887e-01, limit=2.181748e-04
iteration= 9, error= 3.389799e-01, limit=2.181748e-04
iteration= 10, error= 4.510399e-01, limit=2.181748e-04
iteration= 11, error= 4.950055e-01, limit=2.181748e-04
iteration= 12, error= 4.921135e-01, limit=2.181748e-04
iteration= 13, error= 5.274258e-01, limit=2.181748e-04
iteration= 14, error= 4.108441e-01, limit=2.181748e-04
iteration= 15, error= 3.776274e-01, limit=2.181748e-04
iteration= 16, error= 4.078384e-01, limit=2.181748e-04
iteration= 17, error= 4.011208e-01, limit=2.181748e-04
iteration= 18, error= 4.570314e-01, limit=2.181748e-04
iteration= 19, error= 4.430020e-01, limit=2.181748e-04
iteration= 20, error= 4.019588e-01, limit=2.181748e-04
iteration= 21, error= 2.903049e-01, limit=2.181748e-04
iteration= 22, error= 2.788583e-01, limit=2.181748e-04
iteration= 23, error= 3.083367e-01, limit=2.181748e-04
iteration= 24, error= 3.712300e-01, limit=2.181748e-04
iteration= 25, error= 4.107986e-01, limit=2.181748e-04
iteration= 26, error= 3.833561e-01, limit=2.181748e-04
iteration= 27, error= 2.787097e-01, limit=2.181748e-04
iteration= 28, error= 2.496810e-01, limit=2.181748e-04
iteration= 29, error= 2.520607e-01, limit=2.181748e-04
iteration= 30, error= 2.739240e-01, limit=2.181748e-04
iteration= 31, error= 3.176147e-01, limit=2.181748e-04
iteration= 32, error= 3.023454e-01, limit=2.181748e-04
iteration= 33, error= 2.086681e-01, limit=2.181748e-04
iteration= 34, error= 1.358979e-01, limit=2.181748e-04
iteration= 35, error= 1.115242e-01, limit=2.181748e-04
iteration= 36, error= 8.226654e-02, limit=2.181748e-04
iteration= 37, error= 9.620977e-02, limit=2.181748e-04
iteration= 38, error= 9.280020e-02, limit=2.181748e-04
iteration= 39, error= 1.306193e-01, limit=2.181748e-04
iteration= 40, error= 1.610524e-01, limit=2.181748e-04
iteration= 41, error= 1.682333e-01, limit=2.181748e-04
iteration= 42, error= 1.580801e-01, limit=2.181748e-04
iteration= 43, error= 1.336545e-01, limit=2.181748e-04
iteration= 44, error= 9.846318e-02, limit=2.181748e-04
iteration= 45, error= 9.141561e-02, limit=2.181748e-04
iteration= 46, error= 7.739634e-02, limit=2.181748e-04
iteration= 47, error= 7.049239e-02, limit=2.181748e-04
iteration= 48, error= 7.315605e-02, limit=2.181748e-04
iteration= 49, error= 7.320282e-02, limit=2.181748e-04
iteration= 50, error= 7.704085e-02, limit=2.181748e-04
iteration= 51, error= 8.132815e-02, limit=2.181748e-04
iteration= 52, error= 7.310151e-02, limit=2.181748e-04
iteration= 53, error= 8.050740e-02, limit=2.181748e-04
iteration= 54, error= 9.190622e-02, limit=2.181748e-04
iteration= 55, error= 9.285847e-02, limit=2.181748e-04
iteration= 56, error= 8.473345e-02, limit=2.181748e-04
iteration= 57, error= 6.225981e-02, limit=2.181748e-04
iteration= 58, error= 6.355379e-02, limit=2.181748e-04
iteration= 59, error= 7.549192e-02, limit=2.181748e-04
iteration= 60, error= 1.033415e-01, limit=2.181748e-04
iteration= 61, error= 1.389141e-01, limit=2.181748e-04
iteration= 62, error= 1.583601e-01, limit=2.181748e-04
iteration= 63, error= 1.383942e-01, limit=2.181748e-04
iteration= 64, error= 1.080946e-01, limit=2.181748e-04
iteration= 65, error= 8.150596e-02, limit=2.181748e-04
iteration= 66, error= 6.052579e-02, limit=2.181748e-04
iteration= 67, error= 8.566295e-02, limit=2.181748e-04
iteration= 68, error= 1.178590e-01, limit=2.181748e-04
iteration= 69, error= 1.302130e-01, limit=2.181748e-04
iteration= 70, error= 1.466111e-01, limit=2.181748e-04
iteration= 71, error= 1.442679e-01, limit=2.181748e-04
iteration= 72, error= 1.229417e-01, limit=2.181748e-04
iteration= 73, error= 1.084629e-01, limit=2.181748e-04
iteration= 74, error= 7.950546e-02, limit=2.181748e-04
iteration= 75, error= 7.619230e-02, limit=2.181748e-04
iteration= 76, error= 6.696970e-02, limit=2.181748e-04
iteration= 77, error= 8.109525e-02, limit=2.181748e-04
iteration= 78, error= 7.025154e-02, limit=2.181748e-04
iteration= 79, error= 9.705021e-02, limit=2.181748e-04
iteration= 80, error= 1.398974e-01, limit=2.181748e-04
iteration= 81, error= 1.759877e-01, limit=2.181748e-04
iteration= 82, error= 2.037075e-01, limit=2.181748e-04
iteration= 83, error= 2.140224e-01, limit=2.181748e-04
iteration= 84, error= 1.950158e-01, limit=2.181748e-04
iteration= 85, error= 1.651150e-01, limit=2.181748e-04
iteration= 86, error= 1.269476e-01, limit=2.181748e-04
iteration= 87, error= 9.976952e-02, limit=2.181748e-04
iteration= 88, error= 7.157748e-02, limit=2.181748e-04
iteration= 89, error= 6.023876e-02, limit=2.181748e-04
iteration= 90, error= 6.862544e-02, limit=2.181748e-04
iteration= 91, error= 7.856340e-02, limit=2.181748e-04
iteration= 92, error= 9.710549e-02, limit=2.181748e-04
iteration= 93, error= 9.510435e-02, limit=2.181748e-04
iteration= 94, error= 8.472982e-02, limit=2.181748e-04
iteration= 95, error= 8.229758e-02, limit=2.181748e-04
iteration= 96, error= 7.422879e-02, limit=2.181748e-04
iteration= 97, error= 6.198768e-02, limit=2.181748e-04
iteration= 98, error= 5.587314e-02, limit=2.181748e-04
iteration= 99, error= 5.629746e-02, limit=2.181748e-04
iteration= 100, error= 5.293213e-02, limit=2.181748e-04
iteration= 101, error= 5.136771e-02, limit=2.181748e-04
iteration= 102, error= 4.496587e-02, limit=2.181748e-04
iteration= 103, error= 4.994987e-02, limit=2.181748e-04
iteration= 104, error= 4.979635e-02, limit=2.181748e-04
iteration= 105, error= 4.857154e-02, limit=2.181748e-04
iteration= 106, error= 5.221419e-02, limit=2.181748e-04
iteration= 107, error= 4.539138e-02, limit=2.181748e-04
iteration= 108, error= 4.897552e-02, limit=2.181748e-04
iteration= 109, error= 6.532326e-02, limit=2.181748e-04
iteration= 110, error= 7.477585e-02, limit=2.181748e-04
iteration= 111, error= 9.346197e-02, limit=2.181748e-04
iteration= 112, error= 1.076139e-01, limit=2.181748e-04
iteration= 113, error= 9.684487e-02, limit=2.181748e-04
iteration= 114, error= 7.963715e-02, limit=2.181748e-04
iteration= 115, error= 6.244177e-02, limit=2.181748e-04
iteration= 116, error= 3.795188e-02, limit=2.181748e-04
iteration= 117, error= 2.749698e-02, limit=2.181748e-04
iteration= 118, error= 2.712186e-02, limit=2.181748e-04
iteration= 119, error= 2.822107e-02, limit=2.181748e-04
iteration= 120, error= 2.406283e-02, limit=2.181748e-04
iteration= 121, error= 2.412438e-02, limit=2.181748e-04
iteration= 122, error= 2.468564e-02, limit=2.181748e-04
iteration= 123, error= 2.122860e-02, limit=2.181748e-04
iteration= 124, error= 2.567351e-02, limit=2.181748e-04
iteration= 125, error= 2.455110e-02, limit=2.181748e-04
iteration= 126, error= 3.124348e-02, limit=2.181748e-04
iteration= 127, error= 2.520125e-02, limit=2.181748e-04
iteration= 128, error= 2.471613e-02, limit=2.181748e-04
iteration= 129, error= 2.377974e-02, limit=2.181748e-04
iteration= 130, error= 2.148425e-02, limit=2.181748e-04
iteration= 131, error= 1.906496e-02, limit=2.181748e-04
iteration= 132, error= 2.217495e-02, limit=2.181748e-04
iteration= 133, error= 1.746833e-02, limit=2.181748e-04
iteration= 134, error= 1.827992e-02, limit=2.181748e-04
iteration= 135, error= 1.755965e-02, limit=2.181748e-04
iteration= 136, error= 1.312393e-02, limit=2.181748e-04
iteration= 137, error= 1.300826e-02, limit=2.181748e-04
iteration= 138, error= 1.298872e-02, limit=2.181748e-04
iteration= 139, error= 1.348934e-02, limit=2.181748e-04
iteration= 140, error= 1.551489e-02, limit=2.181748e-04
iteration= 141, error= 1.913171e-02, limit=2.181748e-04
iteration= 142, error= 2.113494e-02, limit=2.181748e-04
iteration= 143, error= 2.490156e-02, limit=2.181748e-04
iteration= 144, error= 2.527641e-02, limit=2.181748e-04
iteration= 145, error= 2.143507e-02, limit=2.181748e-04
iteration= 146, error= 1.818078e-02, limit=2.181748e-04
iteration= 147, error= 1.576183e-02, limit=2.181748e-04
iteration= 148, error= 1.524751e-02, limit=2.181748e-04
iteration= 149, error= 1.566069e-02, limit=2.181748e-04
iteration= 150, error= 1.534427e-02, limit=2.181748e-04
iteration= 151, error= 1.501459e-02, limit=2.181748e-04
iteration= 152, error= 1.531281e-02, limit=2.181748e-04
iteration= 153, error= 1.504796e-02, limit=2.181748e-04
iteration= 154, error= 1.507204e-02, limit=2.181748e-04
iteration= 155, error= 2.269240e-02, limit=2.181748e-04
iteration= 156, error= 2.288487e-02, limit=2.181748e-04
iteration= 157, error= 2.848325e-02, limit=2.181748e-04
iteration= 158, error= 3.087746e-02, limit=2.181748e-04
iteration= 159, error= 2.842700e-02, limit=2.181748e-04
iteration= 160, error= 2.661420e-02, limit=2.181748e-04
iteration= 161, error= 2.231965e-02, limit=2.181748e-04
iteration= 162, error= 1.437541e-02, limit=2.181748e-04
iteration= 163, error= 1.311454e-02, limit=2.181748e-04
iteration= 164, error= 1.343795e-02, limit=2.181748e-04
iteration= 165, error= 1.135829e-02, limit=2.181748e-04
iteration= 166, error= 1.310611e-02, limit=2.181748e-04
iteration= 167, error= 1.495808e-02, limit=2.181748e-04
iteration= 168, error= 1.430500e-02, limit=2.181748e-04
iteration= 169, error= 1.294848e-02, limit=2.181748e-04
iteration= 170, error= 1.437019e-02, limit=2.181748e-04
iteration= 171, error= 1.883201e-02, limit=2.181748e-04
iteration= 172, error= 2.226474e-02, limit=2.181748e-04
iteration= 173, error= 2.397531e-02, limit=2.181748e-04
iteration= 174, error= 2.196263e-02, limit=2.181748e-04
iteration= 175, error= 1.795918e-02, limit=2.181748e-04
iteration= 176, error= 1.400235e-02, limit=2.181748e-04
iteration= 177, error= 8.413961e-03, limit=2.181748e-04
iteration= 178, error= 6.329871e-03, limit=2.181748e-04
iteration= 179, error= 5.093447e-03, limit=2.181748e-04
iteration= 180, error= 5.118818e-03, limit=2.181748e-04
iteration= 181, error= 3.728567e-03, limit=2.181748e-04
iteration= 182, error= 3.648982e-03, limit=2.181748e-04
iteration= 183, error= 4.157724e-03, limit=2.181748e-04
iteration= 184, error= 3.813246e-03, limit=2.181748e-04
iteration= 185, error= 4.688175e-03, limit=2.181748e-04
iteration= 186, error= 4.754689e-03, limit=2.181748e-04
iteration= 187, error= 4.468621e-03, limit=2.181748e-04
iteration= 188, error= 4.763795e-03, limit=2.181748e-04
iteration= 189, error= 4.972189e-03, limit=2.181748e-04
iteration= 190, error= 5.798719e-03, limit=2.181748e-04
iteration= 191, error= 6.418581e-03, limit=2.181748e-04
iteration= 192, error= 7.997178e-03, limit=2.181748e-04
iteration= 193, error= 8.007906e-03, limit=2.181748e-04
iteration= 194, error= 8.064109e-03, limit=2.181748e-04
iteration= 195, error= 7.462831e-03, limit=2.181748e-04
iteration= 196, error= 6.798560e-03, limit=2.181748e-04
iteration= 197, error= 6.274379e-03, limit=2.181748e-04
iteration= 198, error= 5.821096e-03, limit=2.181748e-04
iteration= 199, error= 6.083941e-03, limit=2.181748e-04
iteration= 200, error= 5.488657e-03, limit=2.181748e-04
iteration= 201, error= 5.902309e-03, limit=2.181748e-04
iteration= 202, error= 5.584620e-03, limit=2.181748e-04
iteration= 203, error= 4.778689e-03, limit=2.181748e-04
iteration= 204, error= 4.952053e-03, limit=2.181748e-04
iteration= 205, error= 6.060697e-03, limit=2.181748e-04
iteration= 206, error= 8.012985e-03, limit=2.181748e-04
iteration= 207, error= 9.895606e-03, limit=2.181748e-04
iteration= 208, error= 8.765887e-03, limit=2.181748e-04
iteration= 209, error= 7.095391e-03, limit=2.181748e-04
iteration= 210, error= 5.539277e-03, limit=2.181748e-04
iteration= 211, error= 4.077000e-03, limit=2.181748e-04
iteration= 212, error= 3.016006e-03, limit=2.181748e-04
iteration= 213, error= 3.124989e-03, limit=2.181748e-04
iteration= 214, error= 2.385722e-03, limit=2.181748e-04
iteration= 215, error= 2.139652e-03, limit=2.181748e-04
iteration= 216, error= 1.832797e-03, limit=2.181748e-04
iteration= 217, error= 2.278239e-03, limit=2.181748e-04
iteration= 218, error= 3.077807e-03, limit=2.181748e-04
iteration= 219, error= 4.020057e-03, limit=2.181748e-04
iteration= 220, error= 4.873766e-03, limit=2.181748e-04
iteration= 221, error= 5.489304e-03, limit=2.181748e-04
iteration= 222, error= 5.287998e-03, limit=2.181748e-04
iteration= 223, error= 4.801623e-03, limit=2.181748e-04
iteration= 224, error= 3.619472e-03, limit=2.181748e-04
iteration= 225, error= 2.589081e-03, limit=2.181748e-04
iteration= 226, error= 1.929554e-03, limit=2.181748e-04
iteration= 227, error= 1.274912e-03, limit=2.181748e-04
iteration= 228, error= 1.125152e-03, limit=2.181748e-04
iteration= 229, error= 1.280565e-03, limit=2.181748e-04
iteration= 230, error= 1.619318e-03, limit=2.181748e-04
iteration= 231, error= 1.560804e-03, limit=2.181748e-04
iteration= 232, error= 1.808472e-03, limit=2.181748e-04
iteration= 233, error= 1.803612e-03, limit=2.181748e-04
iteration= 234, error= 1.869640e-03, limit=2.181748e-04
iteration= 235, error= 2.046219e-03, limit=2.181748e-04
iteration= 236, error= 1.858208e-03, limit=2.181748e-04
iteration= 237, error= 2.005633e-03, limit=2.181748e-04
iteration= 238, error= 1.981620e-03, limit=2.181748e-04
iteration= 239, error= 1.879936e-03, limit=2.181748e-04
iteration= 240, error= 1.748343e-03, limit=2.181748e-04
iteration= 241, error= 1.573304e-03, limit=2.181748e-04
iteration= 242, error= 1.375151e-03, limit=2.181748e-04
iteration= 243, error= 1.229754e-03, limit=2.181748e-04
iteration= 244, error= 1.188622e-03, limit=2.181748e-04
iteration= 245, error= 1.196507e-03, limit=2.181748e-04
iteration= 246, error= 1.381270e-03, limit=2.181748e-04
iteration= 247, error= 2.026430e-03, limit=2.181748e-04
iteration= 248, error= 2.599650e-03, limit=2.181748e-04
iteration= 249, error= 3.388174e-03, limit=2.181748e-04
iteration= 250, error= 4.378518e-03, limit=2.181748e-04
iteration= 251, error= 4.795530e-03, limit=2.181748e-04
iteration= 252, error= 5.160998e-03, limit=2.181748e-04
iteration= 253, error= 4.945305e-03, limit=2.181748e-04
iteration= 254, error= 4.179400e-03, limit=2.181748e-04
iteration= 255, error= 3.500597e-03, limit=2.181748e-04
iteration= 256, error= 2.624992e-03, limit=2.181748e-04
iteration= 257, error= 2.113339e-03, limit=2.181748e-04
iteration= 258, error= 1.965446e-03, limit=2.181748e-04
iteration= 259, error= 1.984937e-03, limit=2.181748e-04
iteration= 260, error= 2.135934e-03, limit=2.181748e-04
iteration= 261, error= 2.273412e-03, limit=2.181748e-04
iteration= 262, error= 2.217917e-03, limit=2.181748e-04
iteration= 263, error= 2.162151e-03, limit=2.181748e-04
iteration= 264, error= 2.033954e-03, limit=2.181748e-04
iteration= 265, error= 1.710343e-03, limit=2.181748e-04
iteration= 266, error= 1.506867e-03, limit=2.181748e-04
iteration= 267, error= 1.315427e-03, limit=2.181748e-04
iteration= 268, error= 1.279991e-03, limit=2.181748e-04
iteration= 269, error= 1.109584e-03, limit=2.181748e-04
iteration= 270, error= 9.208920e-04, limit=2.181748e-04
iteration= 271, error= 1.460888e-03, limit=2.181748e-04
iteration= 272, error= 1.893386e-03, limit=2.181748e-04
iteration= 273, error= 2.904246e-03, limit=2.181748e-04
iteration= 274, error= 4.324097e-03, limit=2.181748e-04
iteration= 275, error= 5.354749e-03, limit=2.181748e-04
iteration= 276, error= 6.034353e-03, limit=2.181748e-04
iteration= 277, error= 5.071427e-03, limit=2.181748e-04
iteration= 278, error= 4.030082e-03, limit=2.181748e-04
iteration= 279, error= 2.921699e-03, limit=2.181748e-04
iteration= 280, error= 2.032514e-03, limit=2.181748e-04
iteration= 281, error= 1.610302e-03, limit=2.181748e-04
iteration= 282, error= 1.785551e-03, limit=2.181748e-04
iteration= 283, error= 1.944374e-03, limit=2.181748e-04
iteration= 284, error= 1.892532e-03, limit=2.181748e-04
iteration= 285, error= 1.937074e-03, limit=2.181748e-04
iteration= 286, error= 1.751073e-03, limit=2.181748e-04
iteration= 287, error= 1.603554e-03, limit=2.181748e-04
iteration= 288, error= 1.362324e-03, limit=2.181748e-04
iteration= 289, error= 1.204046e-03, limit=2.181748e-04
iteration= 290, error= 1.765015e-03, limit=2.181748e-04
iteration= 291, error= 2.070983e-03, limit=2.181748e-04
iteration= 292, error= 2.556307e-03, limit=2.181748e-04
iteration= 293, error= 3.055317e-03, limit=2.181748e-04
iteration= 294, error= 2.879270e-03, limit=2.181748e-04
iteration= 295, error= 2.614741e-03, limit=2.181748e-04
iteration= 296, error= 2.337134e-03, limit=2.181748e-04
iteration= 297, error= 1.629958e-03, limit=2.181748e-04
iteration= 298, error= 1.117874e-03, limit=2.181748e-04
iteration= 299, error= 8.479144e-04, limit=2.181748e-04
iteration= 300, error= 8.243688e-04, limit=2.181748e-04
iteration= 301, error= 8.489256e-04, limit=2.181748e-04
iteration= 302, error= 9.195456e-04, limit=2.181748e-04
iteration= 303, error= 9.196052e-04, limit=2.181748e-04
iteration= 304, error= 9.583446e-04, limit=2.181748e-04
iteration= 305, error= 1.223561e-03, limit=2.181748e-04
iteration= 306, error= 1.591525e-03, limit=2.181748e-04
iteration= 307, error= 2.064537e-03, limit=2.181748e-04
iteration= 308, error= 2.406954e-03, limit=2.181748e-04
iteration= 309, error= 2.413516e-03, limit=2.181748e-04
iteration= 310, error= 2.159967e-03, limit=2.181748e-04
iteration= 311, error= 1.857923e-03, limit=2.181748e-04
iteration= 312, error= 1.182199e-03, limit=2.181748e-04
iteration= 313, error= 7.211887e-04, limit=2.181748e-04
iteration= 314, error= 5.226153e-04, limit=2.181748e-04
iteration= 315, error= 4.437384e-04, limit=2.181748e-04
iteration= 316, error= 4.266072e-04, limit=2.181748e-04
iteration= 317, error= 4.658851e-04, limit=2.181748e-04
iteration= 318, error= 4.492799e-04, limit=2.181748e-04
iteration= 319, error= 4.605342e-04, limit=2.181748e-04
iteration= 320, error= 4.883723e-04, limit=2.181748e-04
iteration= 321, error= 5.000536e-04, limit=2.181748e-04
iteration= 322, error= 5.008471e-04, limit=2.181748e-04
iteration= 323, error= 5.169130e-04, limit=2.181748e-04
iteration= 324, error= 4.821322e-04, limit=2.181748e-04
iteration= 325, error= 5.122468e-04, limit=2.181748e-04
iteration= 326, error= 6.122181e-04, limit=2.181748e-04
iteration= 327, error= 6.056894e-04, limit=2.181748e-04
iteration= 328, error= 6.497818e-04, limit=2.181748e-04
iteration= 329, error= 5.260202e-04, limit=2.181748e-04
iteration= 330, error= 5.865169e-04, limit=2.181748e-04
iteration= 331, error= 6.436237e-04, limit=2.181748e-04
iteration= 332, error= 5.862358e-04, limit=2.181748e-04
iteration= 333, error= 7.269646e-04, limit=2.181748e-04
iteration= 334, error= 7.347523e-04, limit=2.181748e-04
iteration= 335, error= 7.823557e-04, limit=2.181748e-04
iteration= 336, error= 8.548306e-04, limit=2.181748e-04
iteration= 337, error= 8.448468e-04, limit=2.181748e-04
iteration= 338, error= 9.062625e-04, limit=2.181748e-04
iteration= 339, error= 7.929033e-04, limit=2.181748e-04
iteration= 340, error= 7.677990e-04, limit=2.181748e-04
iteration= 341, error= 6.902127e-04, limit=2.181748e-04
iteration= 342, error= 5.730961e-04, limit=2.181748e-04
iteration= 343, error= 5.773816e-04, limit=2.181748e-04
iteration= 344, error= 4.685160e-04, limit=2.181748e-04
iteration= 345, error= 3.665517e-04, limit=2.181748e-04
iteration= 346, error= 3.385659e-04, limit=2.181748e-04
iteration= 347, error= 3.448495e-04, limit=2.181748e-04
iteration= 348, error= 3.663203e-04, limit=2.181748e-04
iteration= 349, error= 4.015932e-04, limit=2.181748e-04
iteration= 350, error= 3.889672e-04, limit=2.181748e-04
iteration= 351, error= 4.017745e-04, limit=2.181748e-04
iteration= 352, error= 4.385547e-04, limit=2.181748e-04
iteration= 353, error= 4.547873e-04, limit=2.181748e-04
iteration= 354, error= 4.427900e-04, limit=2.181748e-04
iteration= 355, error= 4.302978e-04, limit=2.181748e-04
iteration= 356, error= 4.051020e-04, limit=2.181748e-04
iteration= 357, error= 3.569196e-04, limit=2.181748e-04
iteration= 358, error= 3.231909e-04, limit=2.181748e-04
iteration= 359, error= 2.913761e-04, limit=2.181748e-04
iteration= 360, error= 3.306417e-04, limit=2.181748e-04
iteration= 361, error= 3.011123e-04, limit=2.181748e-04
iteration= 362, error= 3.060527e-04, limit=2.181748e-04
iteration= 363, error= 2.850025e-04, limit=2.181748e-04
iteration= 364, error= 3.657716e-04, limit=2.181748e-04
iteration= 365, error= 3.812232e-04, limit=2.181748e-04
iteration= 366, error= 3.496477e-04, limit=2.181748e-04
iteration= 367, error= 4.401479e-04, limit=2.181748e-04
iteration= 368, error= 5.596763e-04, limit=2.181748e-04
iteration= 369, error= 7.602698e-04, limit=2.181748e-04
iteration= 370, error= 9.965352e-04, limit=2.181748e-04
iteration= 371, error= 1.214535e-03, limit=2.181748e-04
iteration= 372, error= 1.445653e-03, limit=2.181748e-04
iteration= 373, error= 1.531503e-03, limit=2.181748e-04
iteration= 374, error= 1.427438e-03, limit=2.181748e-04
iteration= 375, error= 1.294328e-03, limit=2.181748e-04
iteration= 376, error= 1.012228e-03, limit=2.181748e-04
iteration= 377, error= 8.698212e-04, limit=2.181748e-04
iteration= 378, error= 6.735058e-04, limit=2.181748e-04
iteration= 379, error= 5.205334e-04, limit=2.181748e-04
iteration= 380, error= 5.726823e-04, limit=2.181748e-04
iteration= 381, error= 5.835735e-04, limit=2.181748e-04
iteration= 382, error= 6.378465e-04, limit=2.181748e-04
iteration= 383, error= 9.920931e-04, limit=2.181748e-04
iteration= 384, error= 1.288216e-03, limit=2.181748e-04
iteration= 385, error= 1.777769e-03, limit=2.181748e-04
iteration= 386, error= 2.016413e-03, limit=2.181748e-04
iteration= 387, error= 2.113285e-03, limit=2.181748e-04
iteration= 388, error= 1.846278e-03, limit=2.181748e-04
iteration= 389, error= 1.495315e-03, limit=2.181748e-04
iteration= 390, error= 1.123933e-03, limit=2.181748e-04
iteration= 391, error= 7.798960e-04, limit=2.181748e-04
iteration= 392, error= 5.301228e-04, limit=2.181748e-04
iteration= 393, error= 4.515140e-04, limit=2.181748e-04
iteration= 394, error= 4.361022e-04, limit=2.181748e-04
iteration= 395, error= 4.524287e-04, limit=2.181748e-04
iteration= 396, error= 5.802906e-04, limit=2.181748e-04
iteration= 397, error= 8.194963e-04, limit=2.181748e-04
iteration= 398, error= 1.258258e-03, limit=2.181748e-04
iteration= 399, error= 1.772345e-03, limit=2.181748e-04
iteration= 400, error= 2.042985e-03, limit=2.181748e-04
iteration= 401, error= 2.218736e-03, limit=2.181748e-04
iteration= 402, error= 2.138498e-03, limit=2.181748e-04
iteration= 403, error= 1.831071e-03, limit=2.181748e-04
iteration= 404, error= 1.463622e-03, limit=2.181748e-04
iteration= 405, error= 1.084016e-03, limit=2.181748e-04
iteration= 406, error= 6.789676e-04, limit=2.181748e-04
iteration= 407, error= 7.432016e-04, limit=2.181748e-04
iteration= 408, error= 7.910237e-04, limit=2.181748e-04
iteration= 409, error= 8.058578e-04, limit=2.181748e-04
iteration= 410, error= 7.553666e-04, limit=2.181748e-04
iteration= 411, error= 8.664616e-04, limit=2.181748e-04
iteration= 412, error= 9.626216e-04, limit=2.181748e-04
iteration= 413, error= 9.748938e-04, limit=2.181748e-04
iteration= 414, error= 1.023839e-03, limit=2.181748e-04
iteration= 415, error= 1.152599e-03, limit=2.181748e-04
iteration= 416, error= 9.184082e-04, limit=2.181748e-04
iteration= 417, error= 8.211557e-04, limit=2.181748e-04
iteration= 418, error= 1.063263e-03, limit=2.181748e-04
iteration= 419, error= 1.428372e-03, limit=2.181748e-04
iteration= 420, error= 1.527187e-03, limit=2.181748e-04
iteration= 421, error= 1.741353e-03, limit=2.181748e-04
iteration= 422, error= 1.627406e-03, limit=2.181748e-04
iteration= 423, error= 1.386139e-03, limit=2.181748e-04
iteration= 424, error= 1.292733e-03, limit=2.181748e-04
iteration= 425, error= 1.158414e-03, limit=2.181748e-04
iteration= 426, error= 8.721962e-04, limit=2.181748e-04
iteration= 427, error= 7.522535e-04, limit=2.181748e-04
iteration= 428, error= 7.154342e-04, limit=2.181748e-04
iteration= 429, error= 6.797172e-04, limit=2.181748e-04
iteration= 430, error= 7.328130e-04, limit=2.181748e-04
iteration= 431, error= 9.174329e-04, limit=2.181748e-04
iteration= 432, error= 1.192766e-03, limit=2.181748e-04
iteration= 433, error= 1.580525e-03, limit=2.181748e-04
iteration= 434, error= 1.834063e-03, limit=2.181748e-04
iteration= 435, error= 2.106437e-03, limit=2.181748e-04
iteration= 436, error= 2.076105e-03, limit=2.181748e-04
iteration= 437, error= 1.917770e-03, limit=2.181748e-04
iteration= 438, error= 1.508236e-03, limit=2.181748e-04
iteration= 439, error= 1.192270e-03, limit=2.181748e-04
iteration= 440, error= 8.709667e-04, limit=2.181748e-04
iteration= 441, error= 6.016596e-04, limit=2.181748e-04
iteration= 442, error= 4.428537e-04, limit=2.181748e-04
iteration= 443, error= 4.272148e-04, limit=2.181748e-04
iteration= 444, error= 4.514352e-04, limit=2.181748e-04
iteration= 445, error= 4.194531e-04, limit=2.181748e-04
iteration= 446, error= 4.515391e-04, limit=2.181748e-04
iteration= 447, error= 5.152265e-04, limit=2.181748e-04
iteration= 448, error= 5.693827e-04, limit=2.181748e-04
iteration= 449, error= 5.922503e-04, limit=2.181748e-04
iteration= 450, error= 6.078324e-04, limit=2.181748e-04
iteration= 451, error= 6.126485e-04, limit=2.181748e-04
iteration= 452, error= 5.762125e-04, limit=2.181748e-04
iteration= 453, error= 6.626370e-04, limit=2.181748e-04
iteration= 454, error= 8.145754e-04, limit=2.181748e-04
iteration= 455, error= 9.339942e-04, limit=2.181748e-04
iteration= 456, error= 1.089940e-03, limit=2.181748e-04
iteration= 457, error= 1.126831e-03, limit=2.181748e-04
iteration= 458, error= 1.221214e-03, limit=2.181748e-04
iteration= 459, error= 1.100596e-03, limit=2.181748e-04
iteration= 460, error= 1.032611e-03, limit=2.181748e-04
iteration= 461, error= 9.512089e-04, limit=2.181748e-04
iteration= 462, error= 7.543273e-04, limit=2.181748e-04
iteration= 463, error= 6.138156e-04, limit=2.181748e-04
iteration= 464, error= 4.393402e-04, limit=2.181748e-04
iteration= 465, error= 3.837708e-04, limit=2.181748e-04
iteration= 466, error= 3.999273e-04, limit=2.181748e-04
iteration= 467, error= 4.320829e-04, limit=2.181748e-04
iteration= 468, error= 4.391024e-04, limit=2.181748e-04
iteration= 469, error= 4.161340e-04, limit=2.181748e-04
iteration= 470, error= 4.245055e-04, limit=2.181748e-04
iteration= 471, error= 3.760032e-04, limit=2.181748e-04
iteration= 472, error= 3.650525e-04, limit=2.181748e-04
iteration= 473, error= 3.133926e-04, limit=2.181748e-04
iteration= 474, error= 2.946773e-04, limit=2.181748e-04
iteration= 475, error= 2.792673e-04, limit=2.181748e-04
iteration= 476, error= 2.621497e-04, limit=2.181748e-04
iteration= 477, error= 2.979187e-04, limit=2.181748e-04
iteration= 478, error= 2.988997e-04, limit=2.181748e-04
iteration= 479, error= 2.937082e-04, limit=2.181748e-04
iteration= 480, error= 3.358521e-04, limit=2.181748e-04
iteration= 481, error= 3.254384e-04, limit=2.181748e-04
iteration= 482, error= 3.590138e-04, limit=2.181748e-04
iteration= 483, error= 3.819404e-04, limit=2.181748e-04
iteration= 484, error= 3.639269e-04, limit=2.181748e-04
iteration= 485, error= 4.420097e-04, limit=2.181748e-04
iteration= 486, error= 5.963435e-04, limit=2.181748e-04
iteration= 487, error= 7.606912e-04, limit=2.181748e-04
iteration= 488, error= 8.071547e-04, limit=2.181748e-04
iteration= 489, error= 7.670755e-04, limit=2.181748e-04
iteration= 490, error= 6.617844e-04, limit=2.181748e-04
iteration= 491, error= 5.151081e-04, limit=2.181748e-04
iteration= 492, error= 3.972913e-04, limit=2.181748e-04
iteration= 493, error= 3.836408e-04, limit=2.181748e-04
iteration= 494, error= 3.081220e-04, limit=2.181748e-04
iteration= 495, error= 2.916455e-04, limit=2.181748e-04
iteration= 496, error= 2.133668e-04, limit=2.181748e-04
error condition (0=good, 1=bad) = 0
# of iterations = 496
 Using up to 4 cpu(s) for the stress calculation.


  The numbers below are estimated upper bounds

  number of:

   nodes:        59333
   elements:        49350
   one-dimensional elements:            0
   two-dimensional elements:            0
   integration points per element:            4
   degrees of freedom per node:            3
   layers per element:            1

   distributed facial loads:            0
   distributed volumetric loads:            0
   concentrated loads:          422
   single point constraints:         6378
   multiple point constraints:            1
   terms in all multiple point constraints:            1
   tie constraints:            0
   dependent nodes tied by cyclic constraints:            0
   dependent nodes in pre-tension constraints:            0

   sets:            3
   terms in all sets:       155449

   materials:            1
   constants per material and temperature:            2
   temperature points per material:            1
   plastic data points per material:            0

   orientations:            0
   amplitudes:            2
   data points in all amplitudes:            2
   print requests:            3
   transformations:            0
   property cards:            0


 STEP            1

 Static analysis was selected


 Job finished

________________________________________

Total CalculiX Time: 14.444571
________________________________________
