      0s    0.0+ Opened /build/picogk/out/m64-layout.log
      0s    0.0+ 
      0s    0.0+ ----------------------------------------
      0s    0.0+ 
      0s    0.0+ Current time (UTC): 2026-09-27 19:05:37 (UTC)
      0s    0.0+ Current local time: 2026-09-27 19:05:37 (+00:00)
      0s    0.0+ 
      0s    0.0+ ----------------------------------------
      0s    0.0+ 
      0s    0.0+ System Info:
      0s    0.0+ 
      0s    0.0+ Machine Name:         130e11695066
      0s    0.0+ Operating System      Ubuntu 22.04.3 LTS
      0s    0.0+ Version:              Unix 7.1.5.64
      0s    0.0+ OS Architecture:      X64
      0s    0.0+ Proc Architecture:    X64
      0s    0.0+ 64 Bit OS:            Yes
      0s    0.0+ 64 Bit Process:       Yes
      0s    0.0+ Processor Count:      12
      0s    0.0+ Working Set:          31MB
      0s    0.0+ C# Framework:         .NET 8.0.31
      0s    0.0+ C# CLR Version:       8.0.31
      0s    0.0+ PicoGK Path:          picogk.26.2
      0s    0.0+ Command Line:         /build/picogk/bin/Debug/net8.0/M64EngineLayout.dll
      0s    0.0+ 
      0s    0.0+ ----------------------------------------
      0s    0.0+ 
      0s    0.0+ PicoGK:    PicoGK Core Library
      0s    0.0+            26.2.0
      0s    0.0+            2026-06-05 21:31:47 picogk
      0s    0.0+ 
      0s    0.0+ VoxelSize: 5 (mm)
      0s    0.0+ Happy Computational Engineering!
      0s    0.0+ 
      0s    0.0+ 
      0s    0.1+ OpenGL: 4.5 (Core Profile) Mesa 23.2.1-1ubuntu3.1~22.04.4 / llvmpipe (LLVM 15.0.7, 256 bits) / Mesa
      0s    0.0+ Loading lights embedded environment
      0s    0.0+ Starting tasks.
      0s    0.0+ 
      0s    0.0+ M64 layout scaffold (F1_envelope)
      0s    0.0+ 
      0s    0.0+ Loading Lights
      0s    0.2+ M64 layout exporte : /build/picogk/out
      0s    0.2+ 
      0s    0.0+ Viewer Window Closed
      0s    0.0+ 
      0s    0.0+ ----------------------------------------
      0s    0.0+ 
      0s    0.0+ Closing log file.
      0s    0.0+ Current time (UTC): 2026-09-27 19:05:37 (UTC)
      0s    0.0+ Current local time: 2026-09-27 19:05:37 (+00:00)
      0s    0.0+ Done.
