{"status": "PASS", "gpu_physical_index": 3, "render_product": "/Render/Station", "steps": 64, "output": "/workspace/jobs/ui-witness/render-after.png", "manufacturing_validated": false}
[Warning] [omni.log] Source: omni.hydra was already registered.
2026-09-28T22:07:30Z [4,611ms] [Warning] [omni.platforminfo.plugin] failed to open the default display.  Can't verify X Server version.
2026-09-28T22:07:30Z [4,612ms] [Warning] [omni.rtx] CUDA_VISIBLE_DEVICES environment variable is set.
2026-09-28T22:07:30Z [4,612ms] [Warning] [omni.rtx] Note CUDA device enumeration and Omniverse device enumeration are different.
2026-09-28T22:07:30Z [4,612ms] [Warning] [omni.rtx] Setting CUDA_VISIBLE_DEVICES can lead to undesired behavior or crashes.
2026-09-28T22:07:31Z [5,339ms] [Warning] [omni.rtx] Skipping NVIDIA graphics device because the matching CUDA device could not be found: NVIDIA RTX PRO 6000 Blackwell Server Edition
2026-09-28T22:07:31Z [5,339ms] [Warning] [omni.rtx] Please restart your system if CUDA is known to work in your system, check if the NVIDIA driver is installed and working correctly, or check the MIG instance configuration if MIG is enabled.
2026-09-28T22:07:31Z [5,339ms] [Warning] [omni.rtx] Skipping NVIDIA graphics device because the matching CUDA device could not be found: NVIDIA RTX PRO 6000 Blackwell Server Edition
2026-09-28T22:07:31Z [5,339ms] [Warning] [omni.rtx] Please restart your system if CUDA is known to work in your system, check if the NVIDIA driver is installed and working correctly, or check the MIG instance configuration if MIG is enabled.
2026-09-28T22:07:31Z [5,339ms] [Warning] [omni.rtx] Skipping NVIDIA graphics device because the matching CUDA device could not be found: NVIDIA RTX PRO 6000 Blackwell Server Edition
2026-09-28T22:07:31Z [5,339ms] [Warning] [omni.rtx] Please restart your system if CUDA is known to work in your system, check if the NVIDIA driver is installed and working correctly, or check the MIG instance configuration if MIG is enabled.
2026-09-28T22:07:31Z [5,340ms] [Warning] [omni.rtx] Skipping NVIDIA graphics device because the matching CUDA device could not be found: NVIDIA RTX PRO 6000 Blackwell Server Edition
2026-09-28T22:07:31Z [5,340ms] [Warning] [omni.rtx] Please restart your system if CUDA is known to work in your system, check if the NVIDIA driver is installed and working correctly, or check the MIG instance configuration if MIG is enabled.
2026-09-28T22:07:31Z [5,340ms] [Warning] [omni.rtx] Skipping NVIDIA graphics device because the matching CUDA device could not be found: NVIDIA RTX PRO 6000 Blackwell Server Edition
2026-09-28T22:07:31Z [5,340ms] [Warning] [omni.rtx] Please restart your system if CUDA is known to work in your system, check if the NVIDIA driver is installed and working correctly, or check the MIG instance configuration if MIG is enabled.
2026-09-28T22:07:31Z [5,340ms] [Warning] [omni.rtx] Skipping NVIDIA graphics device because the matching CUDA device could not be found: NVIDIA RTX PRO 6000 Blackwell Server Edition
2026-09-28T22:07:31Z [5,340ms] [Warning] [omni.rtx] Please restart your system if CUDA is known to work in your system, check if the NVIDIA driver is installed and working correctly, or check the MIG instance configuration if MIG is enabled.
2026-09-28T22:07:31Z [5,686ms] [Warning] [omni.rtx] ECC is enabled on physical device 3
2026-09-28T22:07:31Z [5,689ms] [Warning] [omni.rtx] IOMMU is enabled.
