'DISPLAY' environment variable not set... skipping surface info
error: XDG_RUNTIME_DIR is invalid or not set in the environment.
==========
VULKANINFO
==========

Vulkan Instance Version: 1.3.275


Instance Extensions: count = 23
-------------------------------
VK_EXT_acquire_drm_display             : extension revision 1
VK_EXT_acquire_xlib_display            : extension revision 1
VK_EXT_debug_report                    : extension revision 10
VK_EXT_debug_utils                     : extension revision 2
VK_EXT_direct_mode_display             : extension revision 1
VK_EXT_display_surface_counter         : extension revision 1
VK_EXT_surface_maintenance1            : extension revision 1
VK_EXT_swapchain_colorspace            : extension revision 5
VK_KHR_device_group_creation           : extension revision 1
VK_KHR_display                         : extension revision 23
VK_KHR_external_fence_capabilities     : extension revision 1
VK_KHR_external_memory_capabilities    : extension revision 1
VK_KHR_external_semaphore_capabilities : extension revision 1
VK_KHR_get_display_properties2         : extension revision 1
VK_KHR_get_physical_device_properties2 : extension revision 2
VK_KHR_get_surface_capabilities2       : extension revision 1
VK_KHR_portability_enumeration         : extension revision 1
VK_KHR_surface                         : extension revision 25
VK_KHR_surface_protected_capabilities  : extension revision 1
VK_KHR_wayland_surface                 : extension revision 6
VK_KHR_xcb_surface                     : extension revision 6
VK_KHR_xlib_surface                    : extension revision 6
VK_LUNARG_direct_driver_loading        : extension revision 1

Instance Layers: count = 2
--------------------------
VK_LAYER_NV_optimus NVIDIA Optimus layer 1.4.312  version 1
VK_LAYER_NV_present NVIDIA GR2608 layer  1.4.312  version 1

Devices:
========
GPU0:
	apiVersion         = 1.4.312
	driverVersion      = 580.95.5.0
	vendorID           = 0x10de
	deviceID           = 0x2bb5
	deviceType         = PHYSICAL_DEVICE_TYPE_DISCRETE_GPU
	deviceName         = NVIDIA RTX PRO 6000 Blackwell Server Edition
	driverID           = DRIVER_ID_NVIDIA_PROPRIETARY
	driverName         = NVIDIA
	driverInfo         = 580.95.05
	conformanceVersion = 1.4.1.3
	deviceUUID         = 555182fe-f041-de9e-d757-3362a7893033
	driverUUID         = b92269a1-b525-5615-ab8a-e2095ee37192
GPU1:
	apiVersion         = 1.4.312
	driverVersion      = 580.95.5.0
	vendorID           = 0x10de
	deviceID           = 0x2bb5
	deviceType         = PHYSICAL_DEVICE_TYPE_DISCRETE_GPU
	deviceName         = NVIDIA RTX PRO 6000 Blackwell Server Edition
	driverID           = DRIVER_ID_NVIDIA_PROPRIETARY
	driverName         = NVIDIA
	driverInfo         = 580.95.05
	conformanceVersion = 1.4.1.3
	deviceUUID         = a7a4ee9d-d65d-6e27-5af5-b16d3a98f5bb
	driverUUID         = b92269a1-b525-5615-ab8a-e2095ee37192
GPU2:
	apiVersion         = 1.4.312
	driverVersion      = 580.95.5.0
	vendorID           = 0x10de
	deviceID           = 0x2bb5
	deviceType         = PHYSICAL_DEVICE_TYPE_DISCRETE_GPU
	deviceName         = NVIDIA RTX PRO 6000 Blackwell Server Edition
	driverID           = DRIVER_ID_NVIDIA_PROPRIETARY
	driverName         = NVIDIA
	driverInfo         = 580.95.05
	conformanceVersion = 1.4.1.3
	deviceUUID         = 9a617e3a-bb62-c00f-7d54-e41f664d5390
	driverUUID         = b92269a1-b525-5615-ab8a-e2095ee37192
GPU3:
	apiVersion         = 1.4.312
	driverVersion      = 580.95.5.0
	vendorID           = 0x10de
	deviceID           = 0x2bb5
	deviceType         = PHYSICAL_DEVICE_TYPE_DISCRETE_GPU
	deviceName         = NVIDIA RTX PRO 6000 Blackwell Server Edition
	driverID           = DRIVER_ID_NVIDIA_PROPRIETARY
	driverName         = NVIDIA
	driverInfo         = 580.95.05
	conformanceVersion = 1.4.1.3
	deviceUUID         = da55ec0d-dc80-73ca-a25b-5bd0a5d478c5
	driverUUID         = b92269a1-b525-5615-ab8a-e2095ee37192
