/*---------------------------------------------------------------------------*\
| =========                 |                                                 |
| \\      /  F ield         | OpenFOAM: The Open Source CFD Toolbox           |
|  \\    /   O peration     | Version:  2312                                  |
|   \\  /    A nd           | Website:  www.openfoam.com                      |
|    \\/     M anipulation  |                                                 |
\*---------------------------------------------------------------------------*/
Build  : _c39a0f64-20231220 OPENFOAM=2312 version=2312
Arch   : "LSB;label=32;scalar=64"
Exec   : checkMesh
Date   : Sep 27 2026
Time   : 19:44:43
Host   : 45eb32b12631
PID    : 231
I/O    : uncollated
Case   : /work/caseA_published
nProcs : 1
trapFpe: Floating point exception trapping enabled (FOAM_SIGFPE).
fileModificationChecking : Monitoring run-time modified files using timeStampMaster (fileModificationSkew 5, maxFileModificationPolls 20)
allowSystemOperations : Allowing user-supplied system call operations

// * * * * * * * * * * * * * * * * * * * * * * * * * * * * * * * * * * * * * //
Create time

Create mesh for time = 0

Check mesh...

Time = 0

Mesh stats 
    points:           272
    faces:            652
    internal faces:   500
    cells:            192
    faces per cell:   6
    boundary patches: 4
    point zones:      0
    face zones:       0
    cell zones:       0

Overall number of cells of each type:
    hexahedra:     192
    prisms:        0
    wedges:        0
    pyramids:      0
    tet wedges:    0
    tetrahedra:    0
    polyhedra:     0

Checking topology...
    Boundary definition OK.
    Cell to face addressing OK.
    Point usage OK.
    Upper triangular ordering OK.
    Face vertices OK.
    Number of regions: 1 (OK).

Checking patch topology for multiply connected surfaces...
    Patch               Faces    Points     Surface topology
    inlet               64       68       ok (non-closed singly connected)  
    outlet              64       68       ok (non-closed singly connected)  
    hub                 12       16       ok (non-closed singly connected)  
    throat              12       16       ok (non-closed singly connected)  
    ".*"                152      152      ok (closed singly connected)      


Checking faceZone topology for multiply connected surfaces...
    No faceZones found.

Checking basic cellZone addressing...
    No cellZones found.

Checking basic pointZone addressing...
    No pointZones found.

Checking geometry...
    Overall domain bounding box (0 -0.126 -0.126) (0.932 0.126 0.126)
    Mesh has 3 geometric (non-empty/wedge) directions (1 1 1)
    Mesh has 3 solution (non-empty) directions (1 1 1)
    Boundary openness (2.1763383e-17 0 0) OK.
    Max cell openness = 1.8973657e-16 OK.
    Max aspect ratio = 165.85742 OK.
    Minimum face area = 7.6e-05. Maximum face area = 0.10834007.  Face area magnitudes OK.
    Min volume = 3.9444e-06. Max volume = 0.00042678864.  Total volume = 0.024932864.  Cell volumes OK.
    Mesh non-orthogonality Max: 1.2074183e-06 average: 0
    Non-orthogonality check OK.
    Face pyramids OK.
    Max skewness = 2.4991075 OK.
    Coupled point location match (average 0) OK.

Mesh OK.

End

