    1C
    1UUSER                                                              
    1UDATE              03.october.2026                                 
    1UTIME              12:50:53                                        
    1UHOST                                                              
    1UPGM               CalculiX                                        
    1UVERSION           Version 2.17                             
    1UCOMPILETIME       Thu Jul 23 21:43:50 CEST 2020                    
    1UDIR                                                               
    1UDBN                                                               
    1UMAT    1ASSUMED                                                   
    2C                            10                                     1
 -1         1 0.00000E+00 0.00000E+00 0.00000E+00
 -1         2 1.00000E+01 0.00000E+00 0.00000E+00
 -1         3 0.00000E+00 1.00000E+01 0.00000E+00
 -1         4 0.00000E+00 0.00000E+00 1.00000E+01
 -1         5 5.00000E+00 0.00000E+00 0.00000E+00
 -1         6 5.00000E+00 5.00000E+00 0.00000E+00
 -1         7 0.00000E+00 5.00000E+00 0.00000E+00
 -1         8 0.00000E+00 0.00000E+00 5.00000E+00
 -1         9 5.00000E+00 0.00000E+00 5.00000E+00
 -1        10 0.00000E+00 5.00000E+00 5.00000E+00
 -3
    3C                             1                                     1
 -1         1    6    0    1
 -2         1         2         3         4         5         6         7         8         9        10
 -3
    1PSTEP                         1           1           1          
  100CL  101 1.000000000          10                     0    1           1
 -4  DISP        4    1
 -5  D1          1    2    1    0
 -5  D2          1    2    2    0
 -5  D3          1    2    3    0
 -5  ALL         1    2    0    0    1ALL
 -1         1 0.00000E+00 0.00000E+00 0.00000E+00
 -1         2 0.00000E+00 0.00000E+00 0.00000E+00
 -1         3 0.00000E+00 0.00000E+00 0.00000E+00
 -1         4 4.12992E-03 4.12992E-03-8.45956E-03
 -1         5 0.00000E+00 0.00000E+00 0.00000E+00
 -1         6 0.00000E+00 0.00000E+00 0.00000E+00
 -1         7 0.00000E+00 0.00000E+00 0.00000E+00
 -1         8 3.09744E-03 3.09744E-03-7.07758E-03
 -1         9-2.68445E-03 2.68445E-03-7.07758E-03
 -1        10 2.68445E-03-2.68445E-03-7.07758E-03
 -3
    1PSTEP                         2           1           2          
  100CL  102 2.000000000          10                     0    2           1
 -4  DISP        4    1
 -5  D1          1    2    1    0
 -5  D2          1    2    2    0
 -5  D3          1    2    3    0
 -5  ALL         1    2    0    0    1ALL
 -1         1 0.00000E+00 0.00000E+00 0.00000E+00
 -1         2-1.00000E-02 0.00000E+00 0.00000E+00
 -1         3-4.02072E-17-1.00000E-02 0.00000E+00
 -1         4 1.11945E-16 5.97814E-17-1.00000E-02
 -1         5-5.00000E-03 1.89053E-17-2.06822E-17
 -1         6-5.00000E-03-5.00000E-03-1.31255E-17
 -1         7-9.59519E-18-5.00000E-03-2.01120E-17
 -1         8 4.12920E-17 1.29020E-17-5.00000E-03
 -1         9-5.00000E-03 3.60109E-17-5.00000E-03
 -1        10 3.25261E-18-5.00000E-03-5.00000E-03
 -3
 9999
