    1C
    1UUSER                                                              
    1UDATE              02.september.2026                               
    1UTIME              10:18:02                                        
    1UHOST                                                              
    1UPGM               CalculiX                                        
    1UVERSION           Version 2.21                             
    1UCOMPILETIME       Sat Jul 29 10:52:01 CEST 2023                    
    1UDIR                                                               
    1UDBN                                                               
    1UMAT    1CARBON_EQUIVALENT                                         
    2C                            28                                     1
 -1         1 0.00000E+00 7.02500E+02 1.80000E+02
 -1         2 0.00000E+00 7.02500E+02 6.50000E+02
 -1         3 0.00000E+00-7.02500E+02 1.80000E+02
 -1         4 0.00000E+00-7.02500E+02 6.50000E+02
 -1         5 4.30000E+02 6.50000E+02 1.80000E+02
 -1         6 4.30000E+02 6.50000E+02 6.50000E+02
 -1         7 4.30000E+02-6.50000E+02 1.80000E+02
 -1         8 4.30000E+02-6.50000E+02 6.50000E+02
 -1         9 1.84000E+03 6.50000E+02 1.80000E+02
 -1        10 1.84000E+03 6.50000E+02 6.50000E+02
 -1        11 1.84000E+03-6.50000E+02 1.80000E+02
 -1        12 1.84000E+03-6.50000E+02 6.50000E+02
 -1        13 2.27200E+03 7.22000E+02 1.80000E+02
 -1        14 2.27200E+03 7.22000E+02 6.50000E+02
 -1        15 2.27200E+03-7.22000E+02 1.80000E+02
 -1        16 2.27200E+03-7.22000E+02 6.50000E+02
 -1        17 4.30000E+02 5.07000E+02 1.24000E+03
 -1        18 4.30000E+02-5.07000E+02 1.24000E+03
 -1        19 1.84000E+03 5.07000E+02 1.24000E+03
 -1        20 1.84000E+03-5.07000E+02 1.24000E+03
 -1        21 0.00000E+00 1.45000E+02 4.10000E+02
 -1        22 0.00000E+00-1.45000E+02 4.10000E+02
 -1        23 4.30000E+02 1.45000E+02 4.10000E+02
 -1        24 4.30000E+02-1.45000E+02 4.10000E+02
 -1        25 1.84000E+03 1.45000E+02 4.10000E+02
 -1        26 1.84000E+03-1.45000E+02 4.10000E+02
 -1        27 2.27200E+03 1.45000E+02 4.10000E+02
 -1        28 2.27200E+03-1.45000E+02 4.10000E+02
 -3
    3C                           130                                     1
 -1         1   11    0    1
 -2         1         3
 -1         2   11    0    1
 -2         2         4
 -1         3   11    0    1
 -2         1         2
 -1         4   11    0    1
 -2         3         4
 -1         5   11    0    1
 -2         1         4
 -1         6   11    0    1
 -2         3         2
 -1         7   11    0    1
 -2         5         7
 -1         8   11    0    1
 -2         6         8
 -1         9   11    0    1
 -2         5         6
 -1        10   11    0    1
 -2         7         8
 -1        11   11    0    1
 -2         5         8
 -1        12   11    0    1
 -2         7         6
 -1        13   11    0    1
 -2         9        11
 -1        14   11    0    1
 -2        10        12
 -1        15   11    0    1
 -2         9        10
 -1        16   11    0    1
 -2        11        12
 -1        17   11    0    1
 -2         9        12
 -1        18   11    0    1
 -2        11        10
 -1        19   11    0    1
 -2        13        15
 -1        20   11    0    1
 -2        14        16
 -1        21   11    0    1
 -2        13        14
 -1        22   11    0    1
 -2        15        16
 -1        23   11    0    1
 -2        13        16
 -1        24   11    0    1
 -2        15        14
 -1        25   11    0    1
 -2         1         5
 -1        26   11    0    1
 -2         2         6
 -1        27   11    0    1
 -2         1         6
 -1        28   11    0    1
 -2         2         5
 -1        29   11    0    1
 -2         3         7
 -1        30   11    0    1
 -2         4         8
 -1        31   11    0    1
 -2         3         8
 -1        32   11    0    1
 -2         4         7
 -1        33   11    0    1
 -2         1         7
 -1        34   11    0    1
 -2         3         5
 -1        35   11    0    1
 -2         2         8
 -1        36   11    0    1
 -2         4         6
 -1        37   11    0    1
 -2         1         8
 -1        38   11    0    1
 -2         3         6
 -1        39   11    0    1
 -2         2         7
 -1        40   11    0    1
 -2         4         5
 -1        41   11    0    1
 -2         5         9
 -1        42   11    0    1
 -2         6        10
 -1        43   11    0    1
 -2         5        10
 -1        44   11    0    1
 -2         6         9
 -1        45   11    0    1
 -2         7        11
 -1        46   11    0    1
 -2         8        12
 -1        47   11    0    1
 -2         7        12
 -1        48   11    0    1
 -2         8        11
 -1        49   11    0    1
 -2         5        11
 -1        50   11    0    1
 -2         7         9
 -1        51   11    0    1
 -2         6        12
 -1        52   11    0    1
 -2         8        10
 -1        53   11    0    1
 -2         5        12
 -1        54   11    0    1
 -2         7        10
 -1        55   11    0    1
 -2         6        11
 -1        56   11    0    1
 -2         8         9
 -1        57   11    0    1
 -2         9        13
 -1        58   11    0    1
 -2        10        14
 -1        59   11    0    1
 -2         9        14
 -1        60   11    0    1
 -2        10        13
 -1        61   11    0    1
 -2        11        15
 -1        62   11    0    1
 -2        12        16
 -1        63   11    0    1
 -2        11        16
 -1        64   11    0    1
 -2        12        15
 -1        65   11    0    1
 -2         9        15
 -1        66   11    0    1
 -2        11        13
 -1        67   11    0    1
 -2        10        16
 -1        68   11    0    1
 -2        12        14
 -1        69   11    0    1
 -2         9        16
 -1        70   11    0    1
 -2        11        14
 -1        71   11    0    1
 -2        10        15
 -1        72   11    0    1
 -2        12        13
 -1        73   11    0    1
 -2         6        17
 -1        74   11    0    1
 -2         8        18
 -1        75   11    0    1
 -2        17        18
 -1        76   11    0    1
 -2         6        18
 -1        77   11    0    1
 -2         8        17
 -1        78   11    0    1
 -2        10        19
 -1        79   11    0    1
 -2        12        20
 -1        80   11    0    1
 -2        19        20
 -1        81   11    0    1
 -2        10        20
 -1        82   11    0    1
 -2        12        19
 -1        83   11    0    1
 -2        17        19
 -1        84   11    0    1
 -2        18        20
 -1        85   11    0    1
 -2        17        20
 -1        86   11    0    1
 -2        18        19
 -1        87   11    0    1
 -2        17        12
 -1        88   11    0    1
 -2        18        10
 -1        89   11    0    1
 -2        19         8
 -1        90   11    0    1
 -2        20         6
 -1        91   11    0    1
 -2         2        17
 -1        92   11    0    1
 -2        19        14
 -1        93   11    0    1
 -2         4        18
 -1        94   11    0    1
 -2        20        16
 -1        95   11    0    1
 -2         1        21
 -1        96   11    0    1
 -2         3        21
 -1        97   11    0    1
 -2         2        21
 -1        98   11    0    1
 -2         3        22
 -1        99   11    0    1
 -2         1        22
 -1       100   11    0    1
 -2         4        22
 -1       101   11    0    1
 -2         5        23
 -1       102   11    0    1
 -2         7        23
 -1       103   11    0    1
 -2         6        23
 -1       104   11    0    1
 -2         7        24
 -1       105   11    0    1
 -2         5        24
 -1       106   11    0    1
 -2         8        24
 -1       107   11    0    1
 -2         9        25
 -1       108   11    0    1
 -2        11        25
 -1       109   11    0    1
 -2        10        25
 -1       110   11    0    1
 -2        11        26
 -1       111   11    0    1
 -2         9        26
 -1       112   11    0    1
 -2        12        26
 -1       113   11    0    1
 -2        13        27
 -1       114   11    0    1
 -2        15        27
 -1       115   11    0    1
 -2        14        27
 -1       116   11    0    1
 -2        15        28
 -1       117   11    0    1
 -2        13        28
 -1       118   11    0    1
 -2        16        28
 -1       119   11    0    1
 -2        21        23
 -1       120   11    0    1
 -2        22        24
 -1       121   11    0    1
 -2        21        24
 -1       122   11    0    1
 -2        22        23
 -1       123   11    0    1
 -2        23        25
 -1       124   11    0    1
 -2        24        26
 -1       125   11    0    1
 -2        23        26
 -1       126   11    0    1
 -2        24        25
 -1       127   11    0    1
 -2        25        27
 -1       128   11    0    1
 -2        26        28
 -1       129   11    0    1
 -2        25        28
 -1       130   11    0    1
 -2        26        27
 -3
 9999
