{"arm": "base", "id": "fidelity-01", "tokens": 111, "seconds": 4.4677446669957135}
{"arm": "base", "id": "fidelity-02", "tokens": 111, "seconds": 3.7793810419971123}
{"arm": "base", "id": "fidelity-03", "tokens": 64, "seconds": 3.0189363330136985}
{"arm": "base", "id": "fidelity-04", "tokens": 77, "seconds": 2.728161707986146}
{"arm": "base", "id": "fidelity-05", "tokens": 77, "seconds": 3.048436374985613}
{"arm": "base", "id": "fidelity-06", "tokens": 41, "seconds": 2.1820846250047907}
{"arm": "base", "id": "fidelity-07", "tokens": 69, "seconds": 2.7958216670085676}
{"arm": "base", "id": "fidelity-08", "tokens": 49, "seconds": 2.115711792022921}
{"arm": "base", "id": "fidelity-09", "tokens": 93, "seconds": 3.501573332992848}
{"arm": "base", "id": "fidelity-10", "tokens": 96, "seconds": 3.6998590840084944}
{"arm": "base", "id": "fidelity-11", "tokens": 60, "seconds": 2.9527474580099806}
{"arm": "base", "id": "fidelity-12", "tokens": 91, "seconds": 4.6154848340083845}
{"arm": "base", "id": "fidelity-domain-01", "tokens": 64, "seconds": 4.097903666988714}
{"arm": "base", "id": "fidelity-domain-02", "tokens": 115, "seconds": 5.25046250000014}
{"arm": "base", "id": "fidelity-domain-03", "tokens": 120, "seconds": 4.9440534580207895}
{"arm": "base", "id": "fidelity-domain-04", "tokens": 108, "seconds": 5.115932582993992}
{"arm": "base", "id": "fidelity-domain-05", "tokens": 64, "seconds": 3.808106584008783}
{"arm": "base", "id": "fidelity-domain-06", "tokens": 85, "seconds": 4.2925807499850634}
{"arm": "base", "id": "fidelity-domain-07", "tokens": 75, "seconds": 3.6200951249920763}
{"arm": "base", "id": "fidelity-domain-08", "tokens": 76, "seconds": 4.004098792007426}
{"arm": "historical_adapter", "id": "fidelity-01", "tokens": 111, "seconds": 3.9799399999901652}
{"arm": "historical_adapter", "id": "fidelity-02", "tokens": 111, "seconds": 6.078206458012573}
{"arm": "historical_adapter", "id": "fidelity-03", "tokens": 65, "seconds": 3.4822321660176385}
{"arm": "historical_adapter", "id": "fidelity-04", "tokens": 77, "seconds": 4.6440103750210255}
{"arm": "historical_adapter", "id": "fidelity-05", "tokens": 87, "seconds": 4.833484166010749}
{"arm": "historical_adapter", "id": "fidelity-06", "tokens": 41, "seconds": 3.2836577499983832}
{"arm": "historical_adapter", "id": "fidelity-07", "tokens": 69, "seconds": 4.127750790998107}
{"arm": "historical_adapter", "id": "fidelity-08", "tokens": 49, "seconds": 3.249921540991636}
{"arm": "historical_adapter", "id": "fidelity-09", "tokens": 93, "seconds": 5.290090417023748}
{"arm": "historical_adapter", "id": "fidelity-10", "tokens": 96, "seconds": 5.77652220800519}
{"arm": "historical_adapter", "id": "fidelity-11", "tokens": 60, "seconds": 3.5195160000002943}
{"arm": "historical_adapter", "id": "fidelity-12", "tokens": 108, "seconds": 6.685065208002925}
{"arm": "historical_adapter", "id": "fidelity-domain-01", "tokens": 80, "seconds": 6.751264749997063}
{"arm": "historical_adapter", "id": "fidelity-domain-02", "tokens": 115, "seconds": 6.948631583014503}
{"arm": "historical_adapter", "id": "fidelity-domain-03", "tokens": 120, "seconds": 6.888542041007895}
{"arm": "historical_adapter", "id": "fidelity-domain-04", "tokens": 108, "seconds": 6.386115499975858}
{"arm": "historical_adapter", "id": "fidelity-domain-05", "tokens": 64, "seconds": 3.9640108339954168}
{"arm": "historical_adapter", "id": "fidelity-domain-06", "tokens": 85, "seconds": 5.837793917016825}
{"arm": "historical_adapter", "id": "fidelity-domain-07", "tokens": 75, "seconds": 5.059954500000458}
{"arm": "historical_adapter", "id": "fidelity-domain-08", "tokens": 76, "seconds": 4.016610958991805}
{"arm": "adapter", "id": "fidelity-01", "tokens": 116, "seconds": 4.400503042008495}
{"arm": "adapter", "id": "fidelity-02", "tokens": 108, "seconds": 7.201209332997678}
{"arm": "adapter", "id": "fidelity-03", "tokens": 64, "seconds": 3.854096124996431}
{"arm": "adapter", "id": "fidelity-04", "tokens": 76, "seconds": 4.511528833012562}
{"arm": "adapter", "id": "fidelity-05", "tokens": 87, "seconds": 5.2411995839793235}
{"arm": "adapter", "id": "fidelity-06", "tokens": 41, "seconds": 3.3054644170042593}
{"arm": "adapter", "id": "fidelity-07", "tokens": 69, "seconds": 4.528025834006257}
{"arm": "adapter", "id": "fidelity-08", "tokens": 53, "seconds": 3.3216599579900503}
{"arm": "adapter", "id": "fidelity-09", "tokens": 93, "seconds": 5.798013457999332}
{"arm": "adapter", "id": "fidelity-10", "tokens": 96, "seconds": 4.981706499995198}
{"arm": "adapter", "id": "fidelity-11", "tokens": 60, "seconds": 3.978081209002994}
{"arm": "adapter", "id": "fidelity-12", "tokens": 90, "seconds": 5.88047041601385}
{"arm": "adapter", "id": "fidelity-domain-01", "tokens": 64, "seconds": 5.01042466700892}
{"arm": "adapter", "id": "fidelity-domain-02", "tokens": 115, "seconds": 7.3434159999887925}
{"arm": "adapter", "id": "fidelity-domain-03", "tokens": 120, "seconds": 6.316031958005624}
{"arm": "adapter", "id": "fidelity-domain-04", "tokens": 108, "seconds": 6.265532499994151}
{"arm": "adapter", "id": "fidelity-domain-05", "tokens": 64, "seconds": 3.9191813330107834}
{"arm": "adapter", "id": "fidelity-domain-06", "tokens": 85, "seconds": 5.140282458014553}
{"arm": "adapter", "id": "fidelity-domain-07", "tokens": 75, "seconds": 4.208811624994269}
{"arm": "adapter", "id": "fidelity-domain-08", "tokens": 68, "seconds": 4.573707750008907}
