/*---------------------------------------------------------------------------*\
| =========                 |                                                 |
| \\      /  F ield         | OpenFOAM: The Open Source CFD Toolbox           |
|  \\    /   O peration     | Version:  2312                                  |
|   \\  /    A nd           | Website:  www.openfoam.com                      |
|    \\/     M anipulation  |                                                 |
\*---------------------------------------------------------------------------*/
Build  : _c39a0f64-20231220 OPENFOAM=2312 version=2312
Arch   : "LSB;label=32;scalar=64"
Exec   : blockMesh
Date   : Sep 27 2026
Time   : 19:44:37
Host   : 78b8bddd84ce
PID    : 224
I/O    : uncollated
Case   : /work/caseB_corrected
nProcs : 1
trapFpe: Floating point exception trapping enabled (FOAM_SIGFPE).
fileModificationChecking : Monitoring run-time modified files using timeStampMaster (fileModificationSkew 5, maxFileModificationPolls 20)
allowSystemOperations : Allowing user-supplied system call operations

// * * * * * * * * * * * * * * * * * * * * * * * * * * * * * * * * * * * * * //
Create time

Creating block mesh from "system/blockMeshDict"
--> FOAM IOWarning :
    Found [v1012] 'convertToMeters' entry instead of 'scale' in dictionary "system/blockMeshDict"

    This keyword is 156 months old.

Creating block edges
No non-planar block faces defined
Creating topology blocks

Creating topology patches - from boundary section

Creating block mesh topology

Check topology

	Basic statistics
		Number of internal faces : 52
		Number of boundary faces : 40
		Number of defined boundary faces : 40
		Number of undefined boundary faces : 0
	Checking patch -> block consistency

Creating block offsets
Creating merge list (topological search)...

Creating polyMesh from blockMesh
Creating patches
Creating cells
Creating points with scale (1 1 1)
    Block 0 cell size :
        i : 0.0046 .. 0.0046
        j : 0.070710678 .. 0.070710678
        k : 0.368 .. 0.368

    Block 1 cell size :
        i : 0.0046 .. 0.0046
        j : 0.070710678 .. 0.070710678
        k : 0.368 .. 0.368

    Block 2 cell size :
        i : 0.0046 .. 0.0046
        j : 0.070710678 .. 0.070710678
        k : 0.368 .. 0.368

    Block 3 cell size :
        i : 0.0046 .. 0.0046
        j : 0.070710678 .. 0.070710678
        k : 0.368 .. 0.368

    Block 4 cell size :
        i : 0.0069 .. 0.0069
        j : 0.12275374 .. 0.12275374
        k : 0.368 .. 0.368

    Block 5 cell size :
        i : 0.0069 .. 0.0069
        j : 0.12275374 .. 0.12275374
        k : 0.368 .. 0.368

    Block 6 cell size :
        i : 0.0069 .. 0.0069
        j : 0.12275374 .. 0.12275374
        k : 0.368 .. 0.368

    Block 7 cell size :
        i : 0.0069 .. 0.0069
        j : 0.12275374 .. 0.12275374
        k : 0.368 .. 0.368

    Block 8 cell size :
        i : 0.0046 .. 0.0046
        j : 0.070710678 .. 0.070710678
        k : 0.02 .. 0.02

    Block 9 cell size :
        i : 0.0046 .. 0.0046
        j : 0.070710678 .. 0.070710678
        k : 0.02 .. 0.02

    Block 10 cell size :
        i : 0.0046 .. 0.0046
        j : 0.070710678 .. 0.070710678
        k : 0.02 .. 0.02

    Block 11 cell size :
        i : 0.0046 .. 0.0046
        j : 0.070710678 .. 0.070710678
        k : 0.02 .. 0.02

    Block 12 cell size :
        i : 0.0069 .. 0.0069
        j : 0.12275374 .. 0.12275374
        k : 0.02 .. 0.02

    Block 13 cell size :
        i : 0.0069 .. 0.0069
        j : 0.12275374 .. 0.12275374
        k : 0.02 .. 0.02

    Block 14 cell size :
        i : 0.0069 .. 0.0069
        j : 0.12275374 .. 0.12275374
        k : 0.02 .. 0.02

    Block 15 cell size :
        i : 0.0069 .. 0.0069
        j : 0.12275374 .. 0.12275374
        k : 0.02 .. 0.02

    Block 16 cell size :
        i : 0.0046 .. 0.0046
        j : 0.070710678 .. 0.070710678
        k : 0.736 .. 0.736

    Block 17 cell size :
        i : 0.0046 .. 0.0046
        j : 0.070710678 .. 0.070710678
        k : 0.736 .. 0.736

    Block 18 cell size :
        i : 0.0046 .. 0.0046
        j : 0.070710678 .. 0.070710678
        k : 0.736 .. 0.736

    Block 19 cell size :
        i : 0.0046 .. 0.0046
        j : 0.070710678 .. 0.070710678
        k : 0.736 .. 0.736

    Block 20 cell size :
        i : 0.0069 .. 0.0069
        j : 0.12275374 .. 0.12275374
        k : 0.736 .. 0.736

    Block 21 cell size :
        i : 0.0069 .. 0.0069
        j : 0.12275374 .. 0.12275374
        k : 0.736 .. 0.736

    Block 22 cell size :
        i : 0.0069 .. 0.0069
        j : 0.12275374 .. 0.12275374
        k : 0.736 .. 0.736

    Block 23 cell size :
        i : 0.0069 .. 0.0069
        j : 0.12275374 .. 0.12275374
        k : 0.736 .. 0.736

No patch pairs to merge

Writing polyMesh with 0 cellZones
----------------
Mesh Information
----------------
  boundingBox: (0 -0.142 -0.142) (1.124 0.142 0.142)
  nPoints: 272
  nCells: 192
  nFaces: 652
  nInternalFaces: 500
----------------
Patches
----------------
  patch 0 (start: 500 size: 64) name: inlet
  patch 1 (start: 564 size: 64) name: outlet
  patch 2 (start: 628 size: 12) name: hub
  patch 3 (start: 640 size: 12) name: throat

End

