/*---------------------------------------------------------------------------*\
| =========                 |                                                 |
| \\      /  F ield         | OpenFOAM: The Open Source CFD Toolbox           |
|  \\    /   O peration     | Version:  2312                                  |
|   \\  /    A nd           | Website:  www.openfoam.com                      |
|    \\/     M anipulation  |                                                 |
\*---------------------------------------------------------------------------*/
Build  : _c39a0f64-20231220 OPENFOAM=2312 version=2312
Arch   : "LSB;label=32;scalar=64"
Exec   : topoSet
Date   : Sep 27 2026
Time   : 19:44:37
Host   : 78b8bddd84ce
PID    : 228
I/O    : uncollated
Case   : /work/caseB_corrected
nProcs : 1
trapFpe: Floating point exception trapping enabled (FOAM_SIGFPE).
fileModificationChecking : Monitoring run-time modified files using timeStampMaster (fileModificationSkew 5, maxFileModificationPolls 20)
allowSystemOperations : Allowing user-supplied system call operations

// * * * * * * * * * * * * * * * * * * * * * * * * * * * * * * * * * * * * * //
Create time

Create polyMesh for time = 0

Reading topoSetDict

Time = 0
    mesh not changed.
Created cellSet discCells
    Applying source boxToCell
    Adding cells with centre within boxes 1((0.3679 -1 -1) (0.3881 1 1))
    cellSet discCells now size 64

End

